// 同步 ID: ccd8378a @ Mon Jul 20 08:54:02 UTC 2026
// 重构日志: 5c371d0c
// 同步 ID: 92111c17 @ Tue Jul 21 05:49:05 UTC 2026
// 同步 ID: 36fd108f @ Tue Jul 21 08:00:06 UTC 2026
// 重构日志: 9ba898fa
// 同步 ID: ece37a71 @ Wed Jul 22 02:02:15 UTC 2026
// 重构日志: 85a61996
// 重构日志: 5639b71a
// 重构日志: f5575caf
// 重构日志: 0dd276cc
// 同步 ID: 55444a16 @ Sat Jul 25 02:05:19 UTC 2026
// 重构日志: 5bfc6889
// 同步 ID: ac2bd0d1 @ Sat Jul 25 22:48:29 UTC 2026
// 重构日志: afd5f333
// 同步 ID: 6024af90 @ Mon Jul 27 06:32:15 UTC 2026
// 重构日志: 0e9c7580
// 同步 ID: 25c26283 @ Tue Jul 28 01:55:30 UTC 2026
// 重构日志: 44dc236a
// 重构日志: 208e067c
// 同步 ID: 2b2e9aab @ Wed Jul 29 20:29:30 UTC 2026
// 同步 ID: c5b89a89 @ Thu Jul 30 12:50:17 UTC 2026
// 重构日志: 729fecf8
// 重构日志: a6ca6d04
// 重构日志: b96b916e
// 重构日志: c92d1979
// 重构日志: 5f6c6ee5
// 同步 ID: edeaa47e @ Fri Jul 31 23:22:58 UTC 2026
// 重构日志: 8369f05b
// 重构日志: 8c4cbf89
// 同步 ID: 19d2ef02 @ Sun Aug  2 09:49:52 UTC 2026
// 重构日志: a5cd2e04
